[pro-theme.com/html/nevica/index.html]
[backblue.gif]
[fade.gif]
[index.html]
[pro-theme.com/html/nevica/assets/css/master.css]
[pro-theme.com/html/nevica/favicon.ico]
[pro-theme.com/html/nevica/about.html]
[pro-theme.com/html/nevica/listing.html]
[pro-theme.com/html/nevica/tours.html]
[pro-theme.com/html/nevica/blog.html]
[pro-theme.com/html/nevica/contacts.html]
[pro-theme.com/html/nevica/assets/img/logo-light.png]
[pro-theme.com/html/nevica/assets/img/logo-dark.png]
[pro-theme.com/html/nevica/listing-sidebar.html]
[pro-theme.com/html/nevica/details.html]
[pro-theme.com/html/nevica/tour.html]
[pro-theme.com/html/nevica/blog-grid.html]
[pro-theme.com/html/nevica/post.html]
[pro-theme.com/html/nevica/assets/img/b01.jpg]
[pro-theme.com/html/nevica/assets/img/b02.jpg]
[pro-theme.com/html/nevica/assets/img/sign.jpg]
[pro-theme.com/html/nevica/assets/img/2356456.png]
[pro-theme.com/html/nevica/assets/img/decore03.png]
[pro-theme.com/html/nevica/assets/img/y001.jpg]
[pro-theme.com/html/nevica/assets/img/y002.jpg]
[pro-theme.com/html/nevica/assets/img/y003.jpg]
[pro-theme.com/html/nevica/assets/img/y004.jpg]
[pro-theme.com/html/nevica/assets/img/y005.jpg]
[pro-theme.com/html/nevica/assets/img/y006.jpg]
[pro-theme.com/html/nevica/assets/img/y007.jpg]
[pro-theme.com/html/nevica/assets/img/y008.jpg]
[pro-theme.com/html/nevica/assets/img/deal-weak.jpg]
[pro-theme.com/html/nevica/assets/img/decore02.png]
[pro-theme.com/html/nevica/assets/img/offers001.jpg]
[pro-theme.com/html/nevica/assets/img/offers002.jpg]
[pro-theme.com/html/nevica/assets/img/offers003.jpg]
[pro-theme.com/html/nevica/assets/img/offers004.jpg]
[pro-theme.com/html/nevica/assets/img/_gal001.jpg]
[pro-theme.com/html/nevica/assets/img/gal001.jpg]
[pro-theme.com/html/nevica/assets/img/_gal003.jpg]
[pro-theme.com/html/nevica/assets/img/gal003.jpg]
[pro-theme.com/html/nevica/assets/img/_gal009.jpg]
[pro-theme.com/html/nevica/assets/img/gal009.jpg]
[pro-theme.com/html/nevica/assets/img/_gal005.jpg]
[pro-theme.com/html/nevica/assets/img/gal005.jpg]
[pro-theme.com/html/nevica/assets/img/_gal006.jpg]
[pro-theme.com/html/nevica/assets/img/gal006.jpg]
[pro-theme.com/html/nevica/assets/img/_gal008.jpg]
[pro-theme.com/html/nevica/assets/img/gal008.jpg]
[pro-theme.com/html/nevica/assets/img/_gal007.jpg]
[pro-theme.com/html/nevica/assets/img/gal007.jpg]
[pro-theme.com/html/nevica/assets/img/_gal004.jpg]
[pro-theme.com/html/nevica/assets/img/gal004.jpg]
[pro-theme.com/html/nevica/assets/img/avatar.jpg]
[pro-theme.com/html/nevica/assets/img/decore04.png]
[pro-theme.com/html/nevica/assets/img/sailing-on-vacation-EUT5FWG.jpg]
[pro-theme.com/html/nevica/assets/img/326576456534.jpg]
[pro-theme.com/html/nevica/assets/img/sailing-on-vacation-EUT5FWG34.jpg]
[pro-theme.com/html/nevica/assets/img/banners.jpg]
[pro-theme.com/html/nevica/assets/libs/jquery-3.3.1.min.js]
[pro-theme.com/html/nevica/assets/libs/jquery-migrate-1.4.1.min.js]
[pro-theme.com/html/nevica/assets/plugins/popever/popper.min.js]
[pro-theme.com/html/nevica/assets/libs/bootstrap-4.1.3/js/bootstrap.min.js]
[pro-theme.com/html/nevica/assets/plugins/switcher/js/dmss.js]
[pro-theme.com/html/nevica/assets/libs/bootstrap-select.min.js]
[pro-theme.com/html/nevica/assets/plugins/magnific-popup/jquery.magnific-popup.min.js]
[pro-theme.com/html/nevica/assets/plugins/headers/slidebar.js]
[pro-theme.com/html/nevica/assets/plugins/headers/header.js]
[pro-theme.com/html/nevica/assets/plugins/jqBootstrapValidation.js]
[pro-theme.com/html/nevica/assets/plugins/contact_me.js]
[pro-theme.com/html/nevica/assets/plugins/rendro-easy-pie-chart/jquery.easypiechart.min.js]
[pro-theme.com/html/nevica/assets/plugins/rendro-easy-pie-chart/jquery.waypoints.min.js]
[pro-theme.com/html/nevica/assets/plugins/scrollreveal/scrollreveal.min.js]
[pro-theme.com/html/nevica/assets/plugins/ofi.min.js]
[pro-theme.com/html/nevica/assets/plugins/slider-pro/jquery.sliderPro.min.js]
[pro-theme.com/html/nevica/assets/plugins/slick/slick.js]
[pro-theme.com/html/nevica/assets/plugins/noUiSlider/wNumb.js]
[pro-theme.com/html/nevica/assets/plugins/noUiSlider/nouislider.min.js]
[pro-theme.com/html/nevica/index.html]
[pro-theme.com/html/nevica/assets/js/custom.js]
[pro-theme.com/html/nevica/assets/fonts/fontawesome-free-5.8.1/css/all.min.css]
[pro-theme.com/html/nevica/assets/fonts/stroke/style.css]
[pro-theme.com/html/nevica/assets/fonts/elegant/style.css]
[pro-theme.com/html/nevica/assets/fonts/pe-icon-7-stroke/css/pe-icon-7-stroke.css]
[pro-theme.com/html/nevica/assets/fonts/simple-line-icons/css/simple-line-icons.css]
[pro-theme.com/html/nevica/assets/fonts/nevica/font/flaticon.css]
[pro-theme.com/html/nevica/assets/libs/bootstrap-4.1.3/bootstrap.css]
[pro-theme.com/html/nevica/assets/plugins/headers/header.css]
[pro-theme.com/html/nevica/assets/plugins/headers/yamm.css]
[pro-theme.com/html/nevica/assets/plugins/slider-pro/slider-pro.css]
[pro-theme.com/html/nevica/assets/plugins/slick/slick.css]
[pro-theme.com/html/nevica/assets/plugins/slick/slick-theme.css]
[pro-theme.com/html/nevica/assets/plugins/magnific-popup/magnific-popup.css]
[pro-theme.com/html/nevica/assets/plugins/animate/animate.css]
[pro-theme.com/html/nevica/assets/plugins/flowplayer/skin/playful.css]
[pro-theme.com/html/nevica/assets/plugins/noUiSlider/nouislider.css]
[pro-theme.com/html/nevica/assets/plugins/bootstrap-select/css/bootstrap-select.min.css]
[pro-theme.com/html/nevica/assets/css/main.css]
[pro-theme.com/html/nevica/assets/css/color.css]
[pro-theme.com/html/nevica/assets/css/master.css]
[pro-theme.com/html/nevica/assets/css/responsive.css]
[pro-theme.com/html/nevica/home.html]
[pro-theme.com/html/nevica/assets/img/yteam05.jpg]
[pro-theme.com/html/nevica/assets/img/yteam04.jpg]
[pro-theme.com/html/nevica/assets/img/yteam02-1.jpg]
[pro-theme.com/html/nevica/assets/img/yteam03-1.jpg]
[pro-theme.com/html/nevica/about.html]
[pro-theme.com/html/nevica/assets/img/b001.jpg]
[pro-theme.com/html/nevica/assets/img/b002.jpg]
[pro-theme.com/html/nevica/assets/img/b003.jpg]
[pro-theme.com/html/nevica/assets/img/b004.jpg]
[pro-theme.com/html/nevica/assets/img/b005.jpg]
[pro-theme.com/html/nevica/assets/img/b006.jpg]
[pro-theme.com/html/nevica/listing.html]
[pro-theme.com/html/nevica/assets/img/aerial-view-of-agios-nikolaos-blue-caves-in-zakynt-PW6NZ2U.jpg]
[pro-theme.com/html/nevica/tours.html]
[pro-theme.com/html/nevica/blog-post.html]
[pro-theme.com/html/nevica/assets/img/happy-people-enjoying-and-having-fun-on-a-luxury-s-ST7ZUR2.jpg]
[pro-theme.com/html/nevica/assets/img/sea-journey-YT2L3KC34.jpg]
[pro-theme.com/html/nevica/assets/img/senior-couple-hugging-on-sail-boat-or-yacht-in-sea-PD78AFD.jpg]
[pro-theme.com/html/nevica/assets/img/yacht-captain-hand-on-yacht-steering-wheel-4SBVP5K.jpg]
[pro-theme.com/html/nevica/blog.html]
[pro-theme.com/html/nevica/contacts.html]
[pro-theme.com/html/nevica/listing-sidebar.html]
[pro-theme.com/html/nevica/assets/js/map-custom.js]
[pro-theme.com/html/nevica/assets/img/2.jpg]
[pro-theme.com/html/nevica/assets/img/3.jpg]
[pro-theme.com/html/nevica/assets/img/4.jpg]
[pro-theme.com/html/nevica/assets/img/5.jpg]
[pro-theme.com/html/nevica/assets/img/6.jpg]
[pro-theme.com/html/nevica/assets/img/payment-icon_02.png]
[pro-theme.com/html/nevica/assets/img/yteam001.jpg]
[pro-theme.com/html/nevica/details.html]
[pro-theme.com/html/nevica/assets/img/luxury-yacht-in-malta-marina-PVT6ALR.jpg]
[pro-theme.com/html/nevica/blog-main.html]
[pro-theme.com/html/nevica/assets/img/mauritius-beach-PC3S37H.jpg]
[pro-theme.com/html/nevica/assets/img/mauritius-beach-P75VM8M.jpg]
[pro-theme.com/html/nevica/tour.html]
[pro-theme.com/html/nevica/blog-grid.html]
[pro-theme.com/html/nevica/assets/media/content/b-post/945x450/1.jpg]
[pro-theme.com/html/nevica/assets/img/summer-relax-TUXEYC7.jpg]
[pro-theme.com/html/nevica/assets/img/active-weekend-5NWQMSH.jpg]
[pro-theme.com/html/nevica/assets/img/loading-provisions-FJH93VM.jpg]
[pro-theme.com/html/nevica/post.html]
[pro-theme.com/html/nevica/assets/fonts/fontawesome-free-5.8.1/webfonts/fa-brands-400.eot]
[pro-theme.com/html/nevica/assets/fonts/fontawesome-free-5.8.1/webfonts/fa-brands-400d41d.eot]
[pro-theme.com/html/nevica/assets/fonts/fontawesome-free-5.8.1/webfonts/fa-brands-400.woff2]
[pro-theme.com/html/nevica/assets/fonts/fontawesome-free-5.8.1/webfonts/fa-brands-400.woff]
[pro-theme.com/html/nevica/assets/fonts/fontawesome-free-5.8.1/webfonts/fa-brands-400.ttf]
[pro-theme.com/html/nevica/assets/fonts/fontawesome-free-5.8.1/webfonts/fa-brands-400.svg]
[pro-theme.com/html/nevica/assets/fonts/fontawesome-free-5.8.1/webfonts/fa-regular-400.eot]
[pro-theme.com/html/nevica/assets/fonts/fontawesome-free-5.8.1/webfonts/fa-regular-400d41d.eot]
[pro-theme.com/html/nevica/assets/fonts/fontawesome-free-5.8.1/webfonts/fa-regular-400.woff2]
[pro-theme.com/html/nevica/assets/fonts/fontawesome-free-5.8.1/webfonts/fa-regular-400.woff]
[pro-theme.com/html/nevica/assets/fonts/fontawesome-free-5.8.1/webfonts/fa-regular-400.ttf]
[pro-theme.com/html/nevica/assets/fonts/fontawesome-free-5.8.1/webfonts/fa-regular-400.svg]
[pro-theme.com/html/nevica/assets/fonts/fontawesome-free-5.8.1/webfonts/fa-solid-900.eot]
[pro-theme.com/html/nevica/assets/fonts/fontawesome-free-5.8.1/webfonts/fa-solid-900d41d.eot]
[pro-theme.com/html/nevica/assets/fonts/fontawesome-free-5.8.1/webfonts/fa-solid-900.woff2]
[pro-theme.com/html/nevica/assets/fonts/fontawesome-free-5.8.1/webfonts/fa-solid-900.woff]
[pro-theme.com/html/nevica/assets/fonts/fontawesome-free-5.8.1/webfonts/fa-solid-900.ttf]
[pro-theme.com/html/nevica/assets/fonts/fontawesome-free-5.8.1/css/all.min.css]
[pro-theme.com/html/nevica/assets/fonts/stroke/fonts/Stroke-Gap-Icons.eot]
[pro-theme.com/html/nevica/assets/fonts/stroke/style.css]
[pro-theme.com/html/nevica/assets/fonts/fontawesome-free-5.8.1/webfonts/fa-solid-900.svg]
[pro-theme.com/html/nevica/assets/fonts/elegant/fonts/ElegantIcons.eot]
[pro-theme.com/html/nevica/assets/fonts/elegant/fonts/ElegantIconsd41d.eot]
[pro-theme.com/html/nevica/assets/fonts/elegant/fonts/ElegantIcons.woff]
[pro-theme.com/html/nevica/assets/fonts/elegant/fonts/ElegantIcons.ttf]
[pro-theme.com/html/nevica/assets/fonts/elegant/style.css]
[pro-theme.com/html/nevica/assets/fonts/elegant/fonts/ElegantIcons.svg]
[pro-theme.com/html/nevica/assets/fonts/pe-icon-7-stroke/fonts/Pe-icon-7-strokebb1d.eot]
[pro-theme.com/html/nevica/assets/fonts/pe-icon-7-stroke/fonts/Pe-icon-7-stroked41d.eot]
[pro-theme.com/html/nevica/assets/fonts/pe-icon-7-stroke/fonts/Pe-icon-7-strokebb1d.woff]
[pro-theme.com/html/nevica/assets/fonts/pe-icon-7-stroke/fonts/Pe-icon-7-strokebb1d.ttf]
[pro-theme.com/html/nevica/assets/fonts/pe-icon-7-stroke/css/pe-icon-7-stroke.css]
[pro-theme.com/html/nevica/assets/fonts/pe-icon-7-stroke/fonts/Pe-icon-7-strokebb1d.svg]
[pro-theme.com/html/nevica/assets/fonts/simple-line-icons/fonts/Simple-Line-Iconsb26c.eot]
[pro-theme.com/html/nevica/assets/fonts/simple-line-icons/fonts/Simple-Line-Iconsb26c.woff2]
[pro-theme.com/html/nevica/assets/fonts/simple-line-icons/fonts/Simple-Line-Iconsb26c.ttf]
[pro-theme.com/html/nevica/assets/fonts/simple-line-icons/fonts/Simple-Line-Iconsb26c.woff]
[pro-theme.com/html/nevica/assets/fonts/simple-line-icons/css/simple-line-icons.css]
[pro-theme.com/html/nevica/assets/fonts/simple-line-icons/fonts/Simple-Line-Iconsb26c.svg]
[pro-theme.com/html/nevica/assets/fonts/nevica/font/Flaticon.eot]
[pro-theme.com/html/nevica/assets/fonts/nevica/font/Flaticond41d.eot]
[pro-theme.com/html/nevica/assets/fonts/nevica/font/Flaticon.woff2]
[pro-theme.com/html/nevica/assets/fonts/nevica/font/Flaticon.woff]
[pro-theme.com/html/nevica/assets/fonts/nevica/font/Flaticon.ttf]
[pro-theme.com/html/nevica/assets/fonts/nevica/font/flaticon.css]
[pro-theme.com/html/nevica/assets/libs/bootstrap-4.1.3/bootstrap.css]
[pro-theme.com/html/nevica/assets/plugins/headers/header.css]
[pro-theme.com/html/nevica/assets/plugins/headers/yamm.css]
[pro-theme.com/html/nevica/assets/fonts/nevica/font/Flaticon.svg]
[pro-theme.com/html/nevica/assets/plugins/slider-pro/slider-pro.css]
[pro-theme.com/html/nevica/assets/plugins/slick/slick.css]
[pro-theme.com/html/nevica/assets/plugins/slick/ajax-loader.gif]
[pro-theme.com/html/nevica/assets/plugins/slick/fonts/slick.eot]
[pro-theme.com/html/nevica/assets/plugins/slick/fonts/slickd41d.eot]
[pro-theme.com/html/nevica/assets/plugins/slick/fonts/slick.woff]
[pro-theme.com/html/nevica/assets/plugins/slick/fonts/slick.ttf]
[pro-theme.com/html/nevica/assets/plugins/slick/slick-theme.css]
[pro-theme.com/html/nevica/assets/plugins/magnific-popup/magnific-popup.css]
[pro-theme.com/html/nevica/assets/plugins/animate/animate.css]
[pro-theme.com/html/nevica/assets/plugins/slick/fonts/slick.svg]
[pro-theme.com/html/nevica/assets/plugins/flowplayer/skin/fonts/fpicons4a3d.eot]
[pro-theme.com/html/nevica/assets/plugins/flowplayer/skin/fonts/fpiconsd41d.eot]
[pro-theme.com/html/nevica/assets/plugins/flowplayer/skin/fonts/fpicons4a3d.woff]
[pro-theme.com/html/nevica/assets/plugins/flowplayer/skin/fonts/fpicons4a3d.ttf]
[pro-theme.com/html/nevica/assets/plugins/flowplayer/skin/fonts/fpicons4a3d.svg]
[pro-theme.com/html/nevica/assets/plugins/flowplayer/skin/img/play_white_rtl.png]
[pro-theme.com/html/nevica/assets/plugins/flowplayer/skin/img/play_white@x2.png]
[pro-theme.com/html/nevica/assets/plugins/flowplayer/skin/img/play_white_rtl@x2.png]
[pro-theme.com/html/nevica/assets/plugins/flowplayer/skin/img/flowplayer.png]
[pro-theme.com/html/nevica/assets/plugins/flowplayer/skin/img/flowplayer@2x.png]
[pro-theme.com/html/nevica/assets/plugins/flowplayer/skin/playful.css]
[pro-theme.com/html/nevica/assets/plugins/noUiSlider/nouislider.css]
[pro-theme.com/html/nevica/assets/plugins/bootstrap-select/css/bootstrap-select.min.css]
[pro-theme.com/html/nevica/assets/img/bg-1.jpg]
[pro-theme.com/html/nevica/assets/img/bg4356.jpg]
[pro-theme.com/html/nevica/assets/img/review-q.jpg]
[pro-theme.com/html/nevica/assets/img/bg324324.jpg]
[pro-theme.com/html/nevica/assets/img/decore01.png]
[pro-theme.com/html/nevica/assets/img/bg005.png]
[pro-theme.com/html/nevica/assets/img/bg43534.jpg]
[pro-theme.com/html/nevica/assets/img/bgmap.png]
[pro-theme.com/html/nevica/assets/css/main.css]
[pro-theme.com/html/nevica/assets/css/color.css]
[pro-theme.com/html/nevica/assets/css/responsive.css]
[pro-theme.com/html/nevica/home.html]
[pro-theme.com/html/nevica/blog-post.html]
[pro-theme.com/html/nevica/blog-main.html]
[pro-theme.com/html/nevica/assets/media/content/b-post/945x450/1.html]
[pro-theme.com/html/nevica/assets/fonts/fontawesome-free-5.8.1/webfonts/fa-brands-400.svg]
[pro-theme.com/html/nevica/assets/fonts/fontawesome-free-5.8.1/webfonts/fa-regular-400.svg]
[pro-theme.com/html/nevica/assets/fonts/fontawesome-free-5.8.1/webfonts/fa-solid-900.svg]
[pro-theme.com/html/nevica/assets/fonts/elegant/fonts/ElegantIcons.svg]
[pro-theme.com/html/nevica/assets/fonts/pe-icon-7-stroke/fonts/Pe-icon-7-strokebb1d.svg]
[pro-theme.com/html/nevica/assets/fonts/simple-line-icons/fonts/Simple-Line-Iconsb26c.svg]
[pro-theme.com/html/nevica/assets/fonts/nevica/font/Flaticon.svg]
[pro-theme.com/html/nevica/assets/plugins/slider-pro/images/openhand.html]
[pro-theme.com/html/nevica/assets/plugins/slider-pro/images/closedhand.html]
[pro-theme.com/html/nevica/assets/plugins/slick/fonts/slick.svg]
[pro-theme.com/html/nevica/assets/plugins/flowplayer/skin/fonts/fpicons4a3d.svg]
